--- Slide 1 ---
グループ化のテスト
foo
bar
未グループ化
グループ化
ほげ
foo
bar
ほげ
--- Slide 2 ---
グループ化のテスト
foo
bar
未グループ化
グループ化
ほげ
foo
bar
ほげ
--- Slide 3 ---
グループ化のテスト2
グループ化
bar
bar
ほげ
グループ化
bar
bar
ほげ
大文字
Foo
Bar
小文字
bar
bar
日本語
ほげ
ホゲホゲ
