--- Slide 1 ---
箇条書きのテスト
Foo
foo
foo foo bar
ほげほげ
--- Slide 2 ---
箇条書きのテスト
Foo
foo
foo foo bar
ほげほげ
